// Jest Snapshot v1, https://goo.gl/fbAQLP

exports[`Tag matches the snapshot 1`] = `
ShallowWrapper {
  Symbol(enzyme.__root__): [Circular],
  Symbol(enzyme.__unrendered__): <Tag
    text="Teste"
  />,
  Symbol(enzyme.__renderer__): Object {
    "batchedUpdates": [Function],
    "getNode": [Function],
    "render": [Function],
    "simulateError": [Function],
    "simulateEvent": [Function],
    "unmount": [Function],
  },
  Symbol(enzyme.__node__): Object {
    "instance": null,
    "key": undefined,
    "nodeType": "function",
    "props": Object {
      "children": "Teste",
    },
    "ref": null,
    "rendered": "Teste",
    "type": Object {
      "$$typeof": Symbol(react.forward_ref),
      "attrs": Array [],
      "componentStyle": ComponentStyle {
        "componentId": "sc-bdVaJa",
        "isStatic": true,
        "rules": Array [
          "
  font-size: 10px;
  text-align: center;
  color: ",
          "#FFF",
          ";
  position: relative;
  background: ",
          "#1990DF",
          ";
  border-radius: 2px;
  padding: 5px 10px;

  &:after {
    content: \\"\\";
    position: absolute;
    left: 0;
    bottom: 0;
  }

  &:before {
    content: \\"\\";
    position: absolute;
    right: -10px;
    bottom: 0;
    border-left: 10px solid ",
          "#1990DF",
          ";
    border-top: 10px solid transparent;
    border-bottom: 13px solid transparent;
  }
",
        ],
      },
      "displayName": "styled.span",
      "render": [Function],
      "styledComponentId": "sc-bdVaJa",
      "target": "span",
      "toString": [Function],
      "warnTooManyClasses": [Function],
      "withComponent": [Function],
    },
  },
  Symbol(enzyme.__nodes__): Array [
    Object {
      "instance": null,
      "key": undefined,
      "nodeType": "function",
      "props": Object {
        "children": "Teste",
      },
      "ref": null,
      "rendered": "Teste",
      "type": Object {
        "$$typeof": Symbol(react.forward_ref),
        "attrs": Array [],
        "componentStyle": ComponentStyle {
          "componentId": "sc-bdVaJa",
          "isStatic": true,
          "rules": Array [
            "
  font-size: 10px;
  text-align: center;
  color: ",
            "#FFF",
            ";
  position: relative;
  background: ",
            "#1990DF",
            ";
  border-radius: 2px;
  padding: 5px 10px;

  &:after {
    content: \\"\\";
    position: absolute;
    left: 0;
    bottom: 0;
  }

  &:before {
    content: \\"\\";
    position: absolute;
    right: -10px;
    bottom: 0;
    border-left: 10px solid ",
            "#1990DF",
            ";
    border-top: 10px solid transparent;
    border-bottom: 13px solid transparent;
  }
",
          ],
        },
        "displayName": "styled.span",
        "render": [Function],
        "styledComponentId": "sc-bdVaJa",
        "target": "span",
        "toString": [Function],
        "warnTooManyClasses": [Function],
        "withComponent": [Function],
      },
    },
  ],
  Symbol(enzyme.__options__): Object {
    "adapter": ReactSixteenAdapter {
      "options": Object {
        "enableComponentDidUpdateOnSetState": true,
        "lifecycles": Object {
          "componentDidUpdate": Object {
            "onSetState": true,
          },
          "getDerivedStateFromProps": true,
          "getSnapshotBeforeUpdate": true,
          "setState": Object {
            "skipsComponentDidUpdateOnNullish": true,
          },
        },
      },
    },
  },
}
`;
