// Jest Snapshot v1, https://goo.gl/fbAQLP

exports[`ShoppingResume matches the snapshot 1`] = `
ShallowWrapper {
  Symbol(enzyme.__root__): [Circular],
  Symbol(enzyme.__unrendered__): <ShoppingResume
    price={
      Object {
        "installmentValue": 500,
        "installments": 5,
        "value": 2500,
      }
    }
    subtotal={
      Object {
        "installmentValue": 0,
        "installments": 0,
        "value": 0,
      }
    }
  />,
  Symbol(enzyme.__renderer__): Object {
    "batchedUpdates": [Function],
    "getNode": [Function],
    "render": [Function],
    "simulateError": [Function],
    "simulateEvent": [Function],
    "unmount": [Function],
  },
  Symbol(enzyme.__node__): Object {
    "instance": null,
    "key": undefined,
    "nodeType": "function",
    "props": Object {
      "children": Array [
        <span>
          subtotal
        </span>,
        <CartSubtotal
          price={
            Object {
              "installmentValue": 0,
              "installments": 0,
              "value": 0,
            }
          }
        />,
      ],
    },
    "ref": null,
    "rendered": Array [
      Object {
        "instance": null,
        "key": undefined,
        "nodeType": "host",
        "props": Object {
          "children": "subtotal",
        },
        "ref": null,
        "rendered": "subtotal",
        "type": "span",
      },
      Object {
        "instance": null,
        "key": undefined,
        "nodeType": "function",
        "props": Object {
          "price": Object {
            "installmentValue": 0,
            "installments": 0,
            "value": 0,
          },
        },
        "ref": null,
        "rendered": null,
        "type": [Function],
      },
    ],
    "type": Object {
      "$$typeof": Symbol(react.forward_ref),
      "attrs": Array [],
      "componentStyle": ComponentStyle {
        "componentId": "sc-bwzfXH",
        "isStatic": true,
        "rules": Array [
          "
  display: flex;
  flex-direction: column;
  align-items: flex-end;
  padding: 20px;

  span {
    font-weight: 700;
  }

  > div {
    align-self: stretch;
    display: flex;
    flex-direction: column;
    align-items: flex-end;
    padding-top: 8px;
    border-top: solid 1px ",
          "#000",
          ";
  }
",
        ],
      },
      "displayName": "styled.div",
      "render": [Function],
      "styledComponentId": "sc-bwzfXH",
      "target": "div",
      "toString": [Function],
      "warnTooManyClasses": [Function],
      "withComponent": [Function],
    },
  },
  Symbol(enzyme.__nodes__): Array [
    Object {
      "instance": null,
      "key": undefined,
      "nodeType": "function",
      "props": Object {
        "children": Array [
          <span>
            subtotal
          </span>,
          <CartSubtotal
            price={
              Object {
                "installmentValue": 0,
                "installments": 0,
                "value": 0,
              }
            }
          />,
        ],
      },
      "ref": null,
      "rendered": Array [
        Object {
          "instance": null,
          "key": undefined,
          "nodeType": "host",
          "props": Object {
            "children": "subtotal",
          },
          "ref": null,
          "rendered": "subtotal",
          "type": "span",
        },
        Object {
          "instance": null,
          "key": undefined,
          "nodeType": "function",
          "props": Object {
            "price": Object {
              "installmentValue": 0,
              "installments": 0,
              "value": 0,
            },
          },
          "ref": null,
          "rendered": null,
          "type": [Function],
        },
      ],
      "type": Object {
        "$$typeof": Symbol(react.forward_ref),
        "attrs": Array [],
        "componentStyle": ComponentStyle {
          "componentId": "sc-bwzfXH",
          "isStatic": true,
          "rules": Array [
            "
  display: flex;
  flex-direction: column;
  align-items: flex-end;
  padding: 20px;

  span {
    font-weight: 700;
  }

  > div {
    align-self: stretch;
    display: flex;
    flex-direction: column;
    align-items: flex-end;
    padding-top: 8px;
    border-top: solid 1px ",
            "#000",
            ";
  }
",
          ],
        },
        "displayName": "styled.div",
        "render": [Function],
        "styledComponentId": "sc-bwzfXH",
        "target": "div",
        "toString": [Function],
        "warnTooManyClasses": [Function],
        "withComponent": [Function],
      },
    },
  ],
  Symbol(enzyme.__options__): Object {
    "adapter": ReactSixteenAdapter {
      "options": Object {
        "enableComponentDidUpdateOnSetState": true,
        "lifecycles": Object {
          "componentDidUpdate": Object {
            "onSetState": true,
          },
          "getDerivedStateFromProps": true,
          "getSnapshotBeforeUpdate": true,
          "setState": Object {
            "skipsComponentDidUpdateOnNullish": true,
          },
        },
      },
    },
  },
}
`;
