// Jest Snapshot v1, https://goo.gl/fbAQLP

exports[`ProductPreviewImageList matches the snapshot 1`] = `
ShallowWrapper {
  Symbol(enzyme.__root__): [Circular],
  Symbol(enzyme.__unrendered__): <ProductPreviewImageList
    images={
      Array [
        Object {
          "selected": true,
          "url": "http://thumbs.buscape.com.br/celular-e-smartphone/smartphone-apple-iphone-7-128gb_600x600-PU98460_1.jpg",
        },
        Object {
          "selected": false,
          "url": "http://thumbs.buscape.com.br/celular-e-smartphone/smartphone-apple-iphone-7-128gb/__200x400-PU98460_2_c.jpg?v=2347575274",
        },
        Object {
          "selected": false,
          "url": "http://thumbs.buscape.com.br/celular-e-smartphone/smartphone-apple-iphone-7-128gb/__200x400-PU98460_3_c.jpg?v=318433138",
        },
        Object {
          "selected": false,
          "url": "http://thumbs.buscape.com.br/celular-e-smartphone/smartphone-apple-iphone-7-128gb/__200x400-PU98460_4_c.jpg?v=33273730",
        },
      ]
    }
    onBrokenImageUrl={[Function]}
    onSelectedImageChange={[Function]}
    productId={1}
    selectedImage="http://thumbs.buscape.com.br/celular-e-smartphone/smartphone-apple-iphone-7-128gb_600x600-PU98460_1.jpg"
  />,
  Symbol(enzyme.__renderer__): Object {
    "batchedUpdates": [Function],
    "getNode": [Function],
    "render": [Function],
    "simulateError": [Function],
    "simulateEvent": [Function],
    "unmount": [Function],
  },
  Symbol(enzyme.__node__): Object {
    "instance": null,
    "key": undefined,
    "nodeType": "function",
    "props": Object {
      "children": Array [
        <div>
          <ProductPreviewImageItem
            active={true}
            onBrokenImageUrl={[Function]}
            onSelectedImageChange={[Function]}
            productId={1}
            url="http://thumbs.buscape.com.br/celular-e-smartphone/smartphone-apple-iphone-7-128gb_600x600-PU98460_1.jpg"
          />
          <ProductPreviewImageItem
            active={false}
            onBrokenImageUrl={[Function]}
            onSelectedImageChange={[Function]}
            productId={1}
            url="http://thumbs.buscape.com.br/celular-e-smartphone/smartphone-apple-iphone-7-128gb/__200x400-PU98460_2_c.jpg?v=2347575274"
          />
          <ProductPreviewImageItem
            active={false}
            onBrokenImageUrl={[Function]}
            onSelectedImageChange={[Function]}
            productId={1}
            url="http://thumbs.buscape.com.br/celular-e-smartphone/smartphone-apple-iphone-7-128gb/__200x400-PU98460_3_c.jpg?v=318433138"
          />
          <ProductPreviewImageItem
            active={false}
            onBrokenImageUrl={[Function]}
            onSelectedImageChange={[Function]}
            productId={1}
            url="http://thumbs.buscape.com.br/celular-e-smartphone/smartphone-apple-iphone-7-128gb/__200x400-PU98460_4_c.jpg?v=33273730"
          />
        </div>,
        <div>
          <Image
            alt="Produto"
            height={200}
            onBrokenImageUrl={[Function]}
            src="http://thumbs.buscape.com.br/celular-e-smartphone/smartphone-apple-iphone-7-128gb_600x600-PU98460_1.jpg"
            width={200}
          />
        </div>,
      ],
    },
    "ref": null,
    "rendered": Array [
      Object {
        "instance": null,
        "key": undefined,
        "nodeType": "host",
        "props": Object {
          "children": Array [
            <ProductPreviewImageItem
              active={true}
              onBrokenImageUrl={[Function]}
              onSelectedImageChange={[Function]}
              productId={1}
              url="http://thumbs.buscape.com.br/celular-e-smartphone/smartphone-apple-iphone-7-128gb_600x600-PU98460_1.jpg"
            />,
            <ProductPreviewImageItem
              active={false}
              onBrokenImageUrl={[Function]}
              onSelectedImageChange={[Function]}
              productId={1}
              url="http://thumbs.buscape.com.br/celular-e-smartphone/smartphone-apple-iphone-7-128gb/__200x400-PU98460_2_c.jpg?v=2347575274"
            />,
            <ProductPreviewImageItem
              active={false}
              onBrokenImageUrl={[Function]}
              onSelectedImageChange={[Function]}
              productId={1}
              url="http://thumbs.buscape.com.br/celular-e-smartphone/smartphone-apple-iphone-7-128gb/__200x400-PU98460_3_c.jpg?v=318433138"
            />,
            <ProductPreviewImageItem
              active={false}
              onBrokenImageUrl={[Function]}
              onSelectedImageChange={[Function]}
              productId={1}
              url="http://thumbs.buscape.com.br/celular-e-smartphone/smartphone-apple-iphone-7-128gb/__200x400-PU98460_4_c.jpg?v=33273730"
            />,
          ],
        },
        "ref": null,
        "rendered": Array [
          Object {
            "instance": null,
            "key": "http://thumbs.buscape.com.br/celular-e-smartphone/smartphone-apple-iphone-7-128gb_600x600-PU98460_1.jpg",
            "nodeType": "function",
            "props": Object {
              "active": true,
              "onBrokenImageUrl": [Function],
              "onSelectedImageChange": [Function],
              "productId": 1,
              "url": "http://thumbs.buscape.com.br/celular-e-smartphone/smartphone-apple-iphone-7-128gb_600x600-PU98460_1.jpg",
            },
            "ref": null,
            "rendered": null,
            "type": [Function],
          },
          Object {
            "instance": null,
            "key": "http://thumbs.buscape.com.br/celular-e-smartphone/smartphone-apple-iphone-7-128gb/__200x400-PU98460_2_c.jpg?v=2347575274",
            "nodeType": "function",
            "props": Object {
              "active": false,
              "onBrokenImageUrl": [Function],
              "onSelectedImageChange": [Function],
              "productId": 1,
              "url": "http://thumbs.buscape.com.br/celular-e-smartphone/smartphone-apple-iphone-7-128gb/__200x400-PU98460_2_c.jpg?v=2347575274",
            },
            "ref": null,
            "rendered": null,
            "type": [Function],
          },
          Object {
            "instance": null,
            "key": "http://thumbs.buscape.com.br/celular-e-smartphone/smartphone-apple-iphone-7-128gb/__200x400-PU98460_3_c.jpg?v=318433138",
            "nodeType": "function",
            "props": Object {
              "active": false,
              "onBrokenImageUrl": [Function],
              "onSelectedImageChange": [Function],
              "productId": 1,
              "url": "http://thumbs.buscape.com.br/celular-e-smartphone/smartphone-apple-iphone-7-128gb/__200x400-PU98460_3_c.jpg?v=318433138",
            },
            "ref": null,
            "rendered": null,
            "type": [Function],
          },
          Object {
            "instance": null,
            "key": "http://thumbs.buscape.com.br/celular-e-smartphone/smartphone-apple-iphone-7-128gb/__200x400-PU98460_4_c.jpg?v=33273730",
            "nodeType": "function",
            "props": Object {
              "active": false,
              "onBrokenImageUrl": [Function],
              "onSelectedImageChange": [Function],
              "productId": 1,
              "url": "http://thumbs.buscape.com.br/celular-e-smartphone/smartphone-apple-iphone-7-128gb/__200x400-PU98460_4_c.jpg?v=33273730",
            },
            "ref": null,
            "rendered": null,
            "type": [Function],
          },
        ],
        "type": "div",
      },
      Object {
        "instance": null,
        "key": undefined,
        "nodeType": "host",
        "props": Object {
          "children": <Image
            alt="Produto"
            height={200}
            onBrokenImageUrl={[Function]}
            src="http://thumbs.buscape.com.br/celular-e-smartphone/smartphone-apple-iphone-7-128gb_600x600-PU98460_1.jpg"
            width={200}
          />,
        },
        "ref": null,
        "rendered": Object {
          "instance": null,
          "key": undefined,
          "nodeType": "function",
          "props": Object {
            "alt": "Produto",
            "height": 200,
            "onBrokenImageUrl": [Function],
            "src": "http://thumbs.buscape.com.br/celular-e-smartphone/smartphone-apple-iphone-7-128gb_600x600-PU98460_1.jpg",
            "width": 200,
          },
          "ref": null,
          "rendered": null,
          "type": [Function],
        },
        "type": "div",
      },
    ],
    "type": Object {
      "$$typeof": Symbol(react.forward_ref),
      "attrs": Array [],
      "componentStyle": ComponentStyle {
        "componentId": "sc-htpNat",
        "isStatic": true,
        "rules": Array [
          "
  display: flex;
  justify-content: space-around;
  align-items: center;

  > div:first-child {
    display: flex;
    flex-direction: column;
  }
",
        ],
      },
      "displayName": "styled.div",
      "render": [Function],
      "styledComponentId": "sc-htpNat",
      "target": "div",
      "toString": [Function],
      "warnTooManyClasses": [Function],
      "withComponent": [Function],
    },
  },
  Symbol(enzyme.__nodes__): Array [
    Object {
      "instance": null,
      "key": undefined,
      "nodeType": "function",
      "props": Object {
        "children": Array [
          <div>
            <ProductPreviewImageItem
              active={true}
              onBrokenImageUrl={[Function]}
              onSelectedImageChange={[Function]}
              productId={1}
              url="http://thumbs.buscape.com.br/celular-e-smartphone/smartphone-apple-iphone-7-128gb_600x600-PU98460_1.jpg"
            />
            <ProductPreviewImageItem
              active={false}
              onBrokenImageUrl={[Function]}
              onSelectedImageChange={[Function]}
              productId={1}
              url="http://thumbs.buscape.com.br/celular-e-smartphone/smartphone-apple-iphone-7-128gb/__200x400-PU98460_2_c.jpg?v=2347575274"
            />
            <ProductPreviewImageItem
              active={false}
              onBrokenImageUrl={[Function]}
              onSelectedImageChange={[Function]}
              productId={1}
              url="http://thumbs.buscape.com.br/celular-e-smartphone/smartphone-apple-iphone-7-128gb/__200x400-PU98460_3_c.jpg?v=318433138"
            />
            <ProductPreviewImageItem
              active={false}
              onBrokenImageUrl={[Function]}
              onSelectedImageChange={[Function]}
              productId={1}
              url="http://thumbs.buscape.com.br/celular-e-smartphone/smartphone-apple-iphone-7-128gb/__200x400-PU98460_4_c.jpg?v=33273730"
            />
          </div>,
          <div>
            <Image
              alt="Produto"
              height={200}
              onBrokenImageUrl={[Function]}
              src="http://thumbs.buscape.com.br/celular-e-smartphone/smartphone-apple-iphone-7-128gb_600x600-PU98460_1.jpg"
              width={200}
            />
          </div>,
        ],
      },
      "ref": null,
      "rendered": Array [
        Object {
          "instance": null,
          "key": undefined,
          "nodeType": "host",
          "props": Object {
            "children": Array [
              <ProductPreviewImageItem
                active={true}
                onBrokenImageUrl={[Function]}
                onSelectedImageChange={[Function]}
                productId={1}
                url="http://thumbs.buscape.com.br/celular-e-smartphone/smartphone-apple-iphone-7-128gb_600x600-PU98460_1.jpg"
              />,
              <ProductPreviewImageItem
                active={false}
                onBrokenImageUrl={[Function]}
                onSelectedImageChange={[Function]}
                productId={1}
                url="http://thumbs.buscape.com.br/celular-e-smartphone/smartphone-apple-iphone-7-128gb/__200x400-PU98460_2_c.jpg?v=2347575274"
              />,
              <ProductPreviewImageItem
                active={false}
                onBrokenImageUrl={[Function]}
                onSelectedImageChange={[Function]}
                productId={1}
                url="http://thumbs.buscape.com.br/celular-e-smartphone/smartphone-apple-iphone-7-128gb/__200x400-PU98460_3_c.jpg?v=318433138"
              />,
              <ProductPreviewImageItem
                active={false}
                onBrokenImageUrl={[Function]}
                onSelectedImageChange={[Function]}
                productId={1}
                url="http://thumbs.buscape.com.br/celular-e-smartphone/smartphone-apple-iphone-7-128gb/__200x400-PU98460_4_c.jpg?v=33273730"
              />,
            ],
          },
          "ref": null,
          "rendered": Array [
            Object {
              "instance": null,
              "key": "http://thumbs.buscape.com.br/celular-e-smartphone/smartphone-apple-iphone-7-128gb_600x600-PU98460_1.jpg",
              "nodeType": "function",
              "props": Object {
                "active": true,
                "onBrokenImageUrl": [Function],
                "onSelectedImageChange": [Function],
                "productId": 1,
                "url": "http://thumbs.buscape.com.br/celular-e-smartphone/smartphone-apple-iphone-7-128gb_600x600-PU98460_1.jpg",
              },
              "ref": null,
              "rendered": null,
              "type": [Function],
            },
            Object {
              "instance": null,
              "key": "http://thumbs.buscape.com.br/celular-e-smartphone/smartphone-apple-iphone-7-128gb/__200x400-PU98460_2_c.jpg?v=2347575274",
              "nodeType": "function",
              "props": Object {
                "active": false,
                "onBrokenImageUrl": [Function],
                "onSelectedImageChange": [Function],
                "productId": 1,
                "url": "http://thumbs.buscape.com.br/celular-e-smartphone/smartphone-apple-iphone-7-128gb/__200x400-PU98460_2_c.jpg?v=2347575274",
              },
              "ref": null,
              "rendered": null,
              "type": [Function],
            },
            Object {
              "instance": null,
              "key": "http://thumbs.buscape.com.br/celular-e-smartphone/smartphone-apple-iphone-7-128gb/__200x400-PU98460_3_c.jpg?v=318433138",
              "nodeType": "function",
              "props": Object {
                "active": false,
                "onBrokenImageUrl": [Function],
                "onSelectedImageChange": [Function],
                "productId": 1,
                "url": "http://thumbs.buscape.com.br/celular-e-smartphone/smartphone-apple-iphone-7-128gb/__200x400-PU98460_3_c.jpg?v=318433138",
              },
              "ref": null,
              "rendered": null,
              "type": [Function],
            },
            Object {
              "instance": null,
              "key": "http://thumbs.buscape.com.br/celular-e-smartphone/smartphone-apple-iphone-7-128gb/__200x400-PU98460_4_c.jpg?v=33273730",
              "nodeType": "function",
              "props": Object {
                "active": false,
                "onBrokenImageUrl": [Function],
                "onSelectedImageChange": [Function],
                "productId": 1,
                "url": "http://thumbs.buscape.com.br/celular-e-smartphone/smartphone-apple-iphone-7-128gb/__200x400-PU98460_4_c.jpg?v=33273730",
              },
              "ref": null,
              "rendered": null,
              "type": [Function],
            },
          ],
          "type": "div",
        },
        Object {
          "instance": null,
          "key": undefined,
          "nodeType": "host",
          "props": Object {
            "children": <Image
              alt="Produto"
              height={200}
              onBrokenImageUrl={[Function]}
              src="http://thumbs.buscape.com.br/celular-e-smartphone/smartphone-apple-iphone-7-128gb_600x600-PU98460_1.jpg"
              width={200}
            />,
          },
          "ref": null,
          "rendered": Object {
            "instance": null,
            "key": undefined,
            "nodeType": "function",
            "props": Object {
              "alt": "Produto",
              "height": 200,
              "onBrokenImageUrl": [Function],
              "src": "http://thumbs.buscape.com.br/celular-e-smartphone/smartphone-apple-iphone-7-128gb_600x600-PU98460_1.jpg",
              "width": 200,
            },
            "ref": null,
            "rendered": null,
            "type": [Function],
          },
          "type": "div",
        },
      ],
      "type": Object {
        "$$typeof": Symbol(react.forward_ref),
        "attrs": Array [],
        "componentStyle": ComponentStyle {
          "componentId": "sc-htpNat",
          "isStatic": true,
          "rules": Array [
            "
  display: flex;
  justify-content: space-around;
  align-items: center;

  > div:first-child {
    display: flex;
    flex-direction: column;
  }
",
          ],
        },
        "displayName": "styled.div",
        "render": [Function],
        "styledComponentId": "sc-htpNat",
        "target": "div",
        "toString": [Function],
        "warnTooManyClasses": [Function],
        "withComponent": [Function],
      },
    },
  ],
  Symbol(enzyme.__options__): Object {
    "adapter": ReactSixteenAdapter {
      "options": Object {
        "enableComponentDidUpdateOnSetState": true,
        "lifecycles": Object {
          "componentDidUpdate": Object {
            "onSetState": true,
          },
          "getDerivedStateFromProps": true,
          "getSnapshotBeforeUpdate": true,
          "setState": Object {
            "skipsComponentDidUpdateOnNullish": true,
          },
        },
      },
    },
  },
}
`;
