// Jest Snapshot v1, https://goo.gl/fbAQLP

exports[`AddToCartButton matches the snapshot 1`] = `
ShallowWrapper {
  Symbol(enzyme.__root__): [Circular],
  Symbol(enzyme.__unrendered__): <AddToCartButton
    handleProductAddToCartClick={[Function]}
    product={null}
  />,
  Symbol(enzyme.__renderer__): Object {
    "batchedUpdates": [Function],
    "getNode": [Function],
    "render": [Function],
    "simulateError": [Function],
    "simulateEvent": [Function],
    "unmount": [Function],
  },
  Symbol(enzyme.__node__): Object {
    "instance": null,
    "key": undefined,
    "nodeType": "function",
    "props": Object {
      "children": <span>
        Adicionar ao carrinho 
        <i
          className="fas fa-chevron-right"
        />
      </span>,
      "onClick": [Function],
    },
    "ref": null,
    "rendered": Object {
      "instance": null,
      "key": undefined,
      "nodeType": "host",
      "props": Object {
        "children": Array [
          "Adicionar ao carrinho ",
          <i
            className="fas fa-chevron-right"
          />,
        ],
      },
      "ref": null,
      "rendered": Array [
        "Adicionar ao carrinho ",
        Object {
          "instance": null,
          "key": undefined,
          "nodeType": "host",
          "props": Object {
            "className": "fas fa-chevron-right",
          },
          "ref": null,
          "rendered": null,
          "type": "i",
        },
      ],
      "type": "span",
    },
    "type": Object {
      "$$typeof": Symbol(react.forward_ref),
      "attrs": Array [],
      "componentStyle": ComponentStyle {
        "componentId": "sc-bdVaJa",
        "isStatic": true,
        "rules": Array [
          "
  color: ",
          "#FFF",
          ";
  background-color: ",
          "#22B14C",
          ";
  border: none;
  border-radius: 2px;
  padding: 0 10px;
  cursor: pointer;

  > span {
    text-align: center;
    font-size: 14px;
  }
",
        ],
      },
      "displayName": "styled.div",
      "render": [Function],
      "styledComponentId": "sc-bdVaJa",
      "target": "div",
      "toString": [Function],
      "warnTooManyClasses": [Function],
      "withComponent": [Function],
    },
  },
  Symbol(enzyme.__nodes__): Array [
    Object {
      "instance": null,
      "key": undefined,
      "nodeType": "function",
      "props": Object {
        "children": <span>
          Adicionar ao carrinho 
          <i
            className="fas fa-chevron-right"
          />
        </span>,
        "onClick": [Function],
      },
      "ref": null,
      "rendered": Object {
        "instance": null,
        "key": undefined,
        "nodeType": "host",
        "props": Object {
          "children": Array [
            "Adicionar ao carrinho ",
            <i
              className="fas fa-chevron-right"
            />,
          ],
        },
        "ref": null,
        "rendered": Array [
          "Adicionar ao carrinho ",
          Object {
            "instance": null,
            "key": undefined,
            "nodeType": "host",
            "props": Object {
              "className": "fas fa-chevron-right",
            },
            "ref": null,
            "rendered": null,
            "type": "i",
          },
        ],
        "type": "span",
      },
      "type": Object {
        "$$typeof": Symbol(react.forward_ref),
        "attrs": Array [],
        "componentStyle": ComponentStyle {
          "componentId": "sc-bdVaJa",
          "isStatic": true,
          "rules": Array [
            "
  color: ",
            "#FFF",
            ";
  background-color: ",
            "#22B14C",
            ";
  border: none;
  border-radius: 2px;
  padding: 0 10px;
  cursor: pointer;

  > span {
    text-align: center;
    font-size: 14px;
  }
",
          ],
        },
        "displayName": "styled.div",
        "render": [Function],
        "styledComponentId": "sc-bdVaJa",
        "target": "div",
        "toString": [Function],
        "warnTooManyClasses": [Function],
        "withComponent": [Function],
      },
    },
  ],
  Symbol(enzyme.__options__): Object {
    "adapter": ReactSixteenAdapter {
      "options": Object {
        "enableComponentDidUpdateOnSetState": true,
        "lifecycles": Object {
          "componentDidUpdate": Object {
            "onSetState": true,
          },
          "getDerivedStateFromProps": true,
          "getSnapshotBeforeUpdate": true,
          "setState": Object {
            "skipsComponentDidUpdateOnNullish": true,
          },
        },
      },
    },
  },
}
`;
